Mon May 25 11:42:12 UTC 2026
MaxEnt version 3.4.4
Checking header of /app/enm/env_layers/Conductivity_EPSG4326_50m_y2002.asc
Checking header of /app/enm/env_layers/Precipitation_proj_2050_rcp45.asc
Checking header of /app/enm/env_layers/Temperature_proj_2050_rcp45.asc
Reading samples from Presence_Cyprinus_carpio.csv
Read samples: max memory 1073741824, total allocated 262144000, free 242700136, used 19443864, increment 19443864
Extractor: max memory 1073741824, total allocated 262144000, free 242700136, used 19443864, increment 0
Extracting random background and sample data
57224 points with values for all grids
Adding samples to background in feature space
Command line used:  environmentallayers=/app/enm/env_layers samplesfile=/app/enm/presence/pesci_crostacei/Presence_Cyprinus_carpio.csv outputdirectory=/app/enm/output/Cyprinus_carpio autorun nowarnings responsecurves=true jackknife=true
Command line to repeat: java density.MaxEnt nowarnings noprefixes responsecurves jackknife outputdirectory=/app/enm/output/Cyprinus_carpio samplesfile=/app/enm/presence/pesci_crostacei/Presence_Cyprinus_carpio.csv environmentallayers=/app/enm/env_layers nowarnings autorun
Species: Cyprinus_carpio
Layers: Conductivity_EPSG4326_50m_y2002 Precipitation_proj_2050_rcp45 Temperature_proj_2050_rcp45
Layertypes: Continuous Continuous Continuous
responsecurves: true
jackknife: true
outputdirectory: /app/enm/output/Cyprinus_carpio
samplesfile: /app/enm/presence/pesci_crostacei/Presence_Cyprinus_carpio.csv
environmentallayers: /app/enm/env_layers
warnings: false
autorun: true

getSamples: max memory 1073741824, total allocated 262144000, free 237493664, used 24650336, increment 5206472
Making features
makeFeatures: max memory 1073741824, total allocated 262144000, free 236927472, used 25216528, increment 566192
Cyprinus_carpio: 
Regularization values: linear/quadratic/product: 1.000, categorical: 0.605, threshold: 1.970, hinge: 0.500
3 samples
Density: max memory 1073741824, total allocated 262144000, free 254561616, used 7582384, increment -17634144
linearPredictor: max memory 1073741824, total allocated 262144000, free 254561616, used 7582384, increment 0
FeaturedSpace: max memory 1073741824, total allocated 262144000, free 254561616, used 7582384, increment 0
Sequential: max memory 1073741824, total allocated 262144000, free 254561616, used 7582384, increment 0
Initial loss: 9.21054035197885
80: time = 0.050000 loss = 8.209365
Resulting gain: 1.001175054005591
Projecting...
Writing file /app/enm/output/Cyprinus_carpio/Cyprinus_carpio.asc
Time since start: 1.07
Writing /app/enm/output/Cyprinus_carpio/plots/Cyprinus_carpio.png
Cyprinus_carpio response curves
Response curve: only Conductivity_EPSG4326_50m_y2002
Making features
makeFeatures: max memory 1073741824, total allocated 262144000, free 220076712, used 42067288, increment 34484904
Cyprinus_carpio Conductivity_EPSG4326_50m_y2002: 
Regularization values: linear/quadratic/product: 1.000, categorical: 0.605, threshold: 1.970, hinge: 0.500
3 samples
Density: max memory 1073741824, total allocated 262144000, free 219996680, used 42147320, increment 80032
linearPredictor: max memory 1073741824, total allocated 262144000, free 219916648, used 42227352, increment 80032
FeaturedSpace: max memory 1073741824, total allocated 262144000, free 219916648, used 42227352, increment 0
Sequential: max memory 1073741824, total allocated 262144000, free 219916648, used 42227352, increment 0
Initial loss: 9.21054035197885
20: time = 0.007000 loss = 9.210540
Resulting gain: 0.0
Cyprinus_carpio response curves
Response curve: only Precipitation_proj_2050_rcp45
Making features
makeFeatures: max memory 1073741824, total allocated 262144000, free 218059592, used 44084408, increment 1857056
Cyprinus_carpio Precipitation_proj_2050_rcp45: 
Regularization values: linear/quadratic/product: 1.000, categorical: 0.605, threshold: 1.970, hinge: 0.500
3 samples
Density: max memory 1073741824, total allocated 262144000, free 217979560, used 44164440, increment 80032
linearPredictor: max memory 1073741824, total allocated 262144000, free 217899528, used 44244472, increment 80032
FeaturedSpace: max memory 1073741824, total allocated 262144000, free 217899528, used 44244472, increment 0
Sequential: max memory 1073741824, total allocated 262144000, free 217899528, used 44244472, increment 0
Initial loss: 9.21054035197885
60: time = 0.016000 loss = 8.312508
Resulting gain: 0.8980319963164494
Cyprinus_carpio response curves
Response curve: only Temperature_proj_2050_rcp45
Making features
makeFeatures: max memory 1073741824, total allocated 262144000, free 215623384, used 46520616, increment 2276144
Cyprinus_carpio Temperature_proj_2050_rcp45: 
Regularization values: linear/quadratic/product: 1.000, categorical: 0.605, threshold: 1.970, hinge: 0.500
3 samples
Density: max memory 1073741824, total allocated 262144000, free 215543352, used 46600648, increment 80032
linearPredictor: max memory 1073741824, total allocated 262144000, free 215463320, used 46680680, increment 80032
FeaturedSpace: max memory 1073741824, total allocated 262144000, free 215463320, used 46680680, increment 0
Sequential: max memory 1073741824, total allocated 262144000, free 215463320, used 46680680, increment 0
Initial loss: 9.21054035197885
60: time = 0.011000 loss = 9.099704
Resulting gain: 0.11083589522566939
Cyprinus_carpio response curves
Jackknife: leave Conductivity_EPSG4326_50m_y2002 out
Making features
makeFeatures: max memory 1073741824, total allocated 262144000, free 199833656, used 62310344, increment 15629664
Cyprinus_carpio Conductivity_EPSG4326_50m_y2002: 
Regularization values: linear/quadratic/product: 1.000, categorical: 0.605, threshold: 1.970, hinge: 0.500
3 samples
Density: max memory 1073741824, total allocated 262144000, free 199753624, used 62390376, increment 80032
linearPredictor: max memory 1073741824, total allocated 262144000, free 199673592, used 62470408, increment 80032
FeaturedSpace: max memory 1073741824, total allocated 262144000, free 199673592, used 62470408, increment 0
Sequential: max memory 1073741824, total allocated 262144000, free 199673592, used 62470408, increment 0
Initial loss: 9.21054035197885
80: time = 0.013000 loss = 8.209365
Jackknife: leave Precipitation_proj_2050_rcp45 out
Making features
makeFeatures: max memory 1073741824, total allocated 262144000, free 198399488, used 63744512, increment 1274104
Cyprinus_carpio Precipitation_proj_2050_rcp45: 
Regularization values: linear/quadratic/product: 1.000, categorical: 0.605, threshold: 1.970, hinge: 0.500
3 samples
Density: max memory 1073741824, total allocated 262144000, free 198399488, used 63744512, increment 0
linearPredictor: max memory 1073741824, total allocated 262144000, free 198319456, used 63824544, increment 80032
FeaturedSpace: max memory 1073741824, total allocated 262144000, free 198319456, used 63824544, increment 0
Sequential: max memory 1073741824, total allocated 262144000, free 198319456, used 63824544, increment 0
Initial loss: 9.21054035197885
60: time = 0.014000 loss = 9.099704
Jackknife: leave Temperature_proj_2050_rcp45 out
Making features
makeFeatures: max memory 1073741824, total allocated 262144000, free 197475184, used 64668816, increment 844272
Cyprinus_carpio Temperature_proj_2050_rcp45: 
Regularization values: linear/quadratic/product: 1.000, categorical: 0.605, threshold: 1.970, hinge: 0.500
3 samples
Density: max memory 1073741824, total allocated 262144000, free 197395152, used 64748848, increment 80032
linearPredictor: max memory 1073741824, total allocated 262144000, free 197315120, used 64828880, increment 80032
FeaturedSpace: max memory 1073741824, total allocated 262144000, free 197315120, used 64828880, increment 0
Sequential: max memory 1073741824, total allocated 262144000, free 197315120, used 64828880, increment 0
Initial loss: 9.21054035197885
60: time = 0.016000 loss = 8.312508
Jackknife: only Conductivity_EPSG4326_50m_y2002
Making features
makeFeatures: max memory 1073741824, total allocated 262144000, free 196666712, used 65477288, increment 648408
Cyprinus_carpio Conductivity_EPSG4326_50m_y2002: 
Regularization values: linear/quadratic/product: 1.000, categorical: 0.605, threshold: 1.970, hinge: 0.500
3 samples
Density: max memory 1073741824, total allocated 262144000, free 196586680, used 65557320, increment 80032
linearPredictor: max memory 1073741824, total allocated 262144000, free 196506648, used 65637352, increment 80032
FeaturedSpace: max memory 1073741824, total allocated 262144000, free 196506648, used 65637352, increment 0
Sequential: max memory 1073741824, total allocated 262144000, free 196506648, used 65637352, increment 0
Initial loss: 9.21054035197885
20: time = 0.005000 loss = 9.210540
Res.gain: 0.0
Jackknife: only Precipitation_proj_2050_rcp45
Making features
makeFeatures: max memory 1073741824, total allocated 262144000, free 196039496, used 66104504, increment 467152
Cyprinus_carpio Precipitation_proj_2050_rcp45: 
Regularization values: linear/quadratic/product: 1.000, categorical: 0.605, threshold: 1.970, hinge: 0.500
3 samples
Density: max memory 1073741824, total allocated 262144000, free 195959464, used 66184536, increment 80032
linearPredictor: max memory 1073741824, total allocated 262144000, free 195879432, used 66264568, increment 80032
FeaturedSpace: max memory 1073741824, total allocated 262144000, free 195879432, used 66264568, increment 0
Sequential: max memory 1073741824, total allocated 262144000, free 195879432, used 66264568, increment 0
Initial loss: 9.21054035197885
60: time = 0.016000 loss = 8.312508
Res.gain: 0.8980319963164494
Jackknife: only Temperature_proj_2050_rcp45
Making features
makeFeatures: max memory 1073741824, total allocated 262144000, free 195070952, used 67073048, increment 808480
Cyprinus_carpio Temperature_proj_2050_rcp45: 
Regularization values: linear/quadratic/product: 1.000, categorical: 0.605, threshold: 1.970, hinge: 0.500
3 samples
Density: max memory 1073741824, total allocated 262144000, free 195070952, used 67073048, increment 0
linearPredictor: max memory 1073741824, total allocated 262144000, free 195070952, used 67073048, increment 0
FeaturedSpace: max memory 1073741824, total allocated 262144000, free 195070952, used 67073048, increment 0
Sequential: max memory 1073741824, total allocated 262144000, free 195070952, used 67073048, increment 0
Initial loss: 9.21054035197885
60: time = 0.014000 loss = 9.099704
Res.gain: 0.11083589522566939
Ending
