Tue May 26 13:32:05 UTC 2026
MaxEnt version 3.4.4
Checking header of /app/enm/env_layers_2050_rcp85/Conductivity.asc
Checking header of /app/enm/env_layers_2050_rcp85/Precipitation.asc
Checking header of /app/enm/env_layers_2050_rcp85/Temperature.asc
Reading samples from Presence_Trithemis_annulata.csv
Read samples: max memory 1073741824, total allocated 262144000, free 241667992, used 20476008, increment 20476008
Extractor: max memory 1073741824, total allocated 262144000, free 241185608, used 20958392, increment 482384
Extracting random background and sample data
Warning: Sample at 10.35285, 43.83907 in Presence_Trithemis_annulata.csv is missing some environmental data (e.g. Conductivity)
Warning: Skipping sample at 10.35285, 43.83907
Warning: Sample at 10.35576, 43.83825 in Presence_Trithemis_annulata.csv is missing some environmental data (e.g. Conductivity)
Warning: Skipping sample at 10.35576, 43.83825
Warning: Sample at 10.3548, 43.83777 in Presence_Trithemis_annulata.csv is missing some environmental data (e.g. Conductivity)
Warning: Skipping sample at 10.3548, 43.83777
57224 points with values for all grids
Adding samples to background in feature space
Command line used:  environmentallayers=/app/enm/env_layers_2050_rcp85 samplesfile=/app/enm/presence/insetti_molluschi/Presence_Trithemis_annulata.csv outputdirectory=/app/enm/output/Trithemis_annulata autorun nowarnings responsecurves=true jackknife=true
Command line to repeat: java density.MaxEnt nowarnings noprefixes responsecurves jackknife outputdirectory=/app/enm/output/Trithemis_annulata samplesfile=/app/enm/presence/insetti_molluschi/Presence_Trithemis_annulata.csv environmentallayers=/app/enm/env_layers_2050_rcp85 nowarnings autorun
Species: Trithemis_annulata
Layers: Conductivity Precipitation Temperature
Layertypes: Continuous Continuous Continuous
responsecurves: true
jackknife: true
outputdirectory: /app/enm/output/Trithemis_annulata
samplesfile: /app/enm/presence/insetti_molluschi/Presence_Trithemis_annulata.csv
environmentallayers: /app/enm/env_layers_2050_rcp85
warnings: false
autorun: true

getSamples: max memory 1073741824, total allocated 262144000, free 255348232, used 6795768, increment -14162624
Making features
makeFeatures: max memory 1073741824, total allocated 262144000, free 254158032, used 7985968, increment 1190200
Trithemis_annulata: 
Regularization values: linear/quadratic/product: 0.385, categorical: 0.250, threshold: 1.770, hinge: 0.500
23 samples
Density: max memory 1073741824, total allocated 262144000, free 248636496, used 13507504, increment 5521536
linearPredictor: max memory 1073741824, total allocated 262144000, free 248556336, used 13587664, increment 80160
FeaturedSpace: max memory 1073741824, total allocated 262144000, free 248556336, used 13587664, increment 0
Sequential: max memory 1073741824, total allocated 262144000, free 248520624, used 13623376, increment 35712
Initial loss: 9.212138753917563
240: time = 0.481000 loss = 8.871886
Resulting gain: 0.3402531413410106
Projecting...
Writing file /app/enm/output/Trithemis_annulata/Trithemis_annulata.asc
Time since start: 1.222
Writing /app/enm/output/Trithemis_annulata/plots/Trithemis_annulata.png
Trithemis_annulata response curves
Response curve: only Conductivity
Making features
makeFeatures: max memory 1073741824, total allocated 262144000, free 230584144, used 31559856, increment 17936480
Trithemis_annulata Conductivity: 
Regularization values: linear/quadratic/product: 0.385, categorical: 0.250, threshold: 1.770, hinge: 0.500
23 samples
Density: max memory 1073741824, total allocated 262144000, free 229572816, used 32571184, increment 1011328
linearPredictor: max memory 1073741824, total allocated 262144000, free 229572816, used 32571184, increment 0
FeaturedSpace: max memory 1073741824, total allocated 262144000, free 229572816, used 32571184, increment 0
Sequential: max memory 1073741824, total allocated 262144000, free 229572816, used 32571184, increment 0
Initial loss: 9.212138753917563
60: time = 0.050000 loss = 9.064627
Resulting gain: 0.1475115621254819
Trithemis_annulata response curves
Response curve: only Precipitation
Making features
makeFeatures: max memory 1073741824, total allocated 262144000, free 227396704, used 34747296, increment 2176112
Trithemis_annulata Precipitation: 
Regularization values: linear/quadratic/product: 0.385, categorical: 0.250, threshold: 1.770, hinge: 0.500
23 samples
Density: max memory 1073741824, total allocated 262144000, free 223966176, used 38177824, increment 3430528
linearPredictor: max memory 1073741824, total allocated 262144000, free 223966176, used 38177824, increment 0
FeaturedSpace: max memory 1073741824, total allocated 262144000, free 223966176, used 38177824, increment 0
Sequential: max memory 1073741824, total allocated 262144000, free 223966176, used 38177824, increment 0
Initial loss: 9.212138753917563
100: time = 0.123000 loss = 9.151997
Resulting gain: 0.06014157539950382
Trithemis_annulata response curves
Response curve: only Temperature
Making features
makeFeatures: max memory 1073741824, total allocated 262144000, free 156051496, used 106092504, increment 67914680
Trithemis_annulata Temperature: 
Regularization values: linear/quadratic/product: 0.385, categorical: 0.250, threshold: 1.770, hinge: 0.500
23 samples
Density: max memory 1073741824, total allocated 262144000, free 154558792, used 107585208, increment 1492704
linearPredictor: max memory 1073741824, total allocated 262144000, free 154478632, used 107665368, increment 80160
FeaturedSpace: max memory 1073741824, total allocated 262144000, free 154478632, used 107665368, increment 0
Sequential: max memory 1073741824, total allocated 262144000, free 154478632, used 107665368, increment 0
Initial loss: 9.212138753917563
140: time = 0.123000 loss = 9.088909
Resulting gain: 0.12322963903961082
Trithemis_annulata response curves
Jackknife: leave Conductivity out
Making features
makeFeatures: max memory 1073741824, total allocated 262144000, free 168881320, used 93262680, increment -14402688
Trithemis_annulata Conductivity: 
Regularization values: linear/quadratic/product: 0.385, categorical: 0.250, threshold: 1.770, hinge: 0.500
23 samples
Density: max memory 1073741824, total allocated 262144000, free 165371624, used 96772376, increment 3509696
linearPredictor: max memory 1073741824, total allocated 262144000, free 165291464, used 96852536, increment 80160
FeaturedSpace: max memory 1073741824, total allocated 262144000, free 165291464, used 96852536, increment 0
Sequential: max memory 1073741824, total allocated 262144000, free 165291464, used 96852536, increment 0
Initial loss: 9.212138753917563
Time since start: 2.244
200: time = 0.303000 loss = 9.032576
Jackknife: leave Precipitation out
Making features
makeFeatures: max memory 1073741824, total allocated 262144000, free 140150256, used 121993744, increment 25141208
Trithemis_annulata Precipitation: 
Regularization values: linear/quadratic/product: 0.385, categorical: 0.250, threshold: 1.770, hinge: 0.500
23 samples
Density: max memory 1073741824, total allocated 262144000, free 137898464, used 124245536, increment 2251792
linearPredictor: max memory 1073741824, total allocated 262144000, free 137898464, used 124245536, increment 0
FeaturedSpace: max memory 1073741824, total allocated 262144000, free 137898464, used 124245536, increment 0
Sequential: max memory 1073741824, total allocated 262144000, free 137898464, used 124245536, increment 0
Initial loss: 9.212138753917563
220: time = 0.196000 loss = 8.899426
Jackknife: leave Temperature out
Making features
makeFeatures: max memory 1073741824, total allocated 262144000, free 231564904, used 30579096, increment -93666440
Trithemis_annulata Temperature: 
Regularization values: linear/quadratic/product: 0.385, categorical: 0.250, threshold: 1.770, hinge: 0.500
23 samples
Density: max memory 1073741824, total allocated 262144000, free 229043952, used 33100048, increment 2520952
linearPredictor: max memory 1073741824, total allocated 262144000, free 228963792, used 33180208, increment 80160
FeaturedSpace: max memory 1073741824, total allocated 262144000, free 228963792, used 33180208, increment 0
Sequential: max memory 1073741824, total allocated 262144000, free 228963792, used 33180208, increment 0
Initial loss: 9.212138753917563
100: time = 0.136000 loss = 9.025891
Jackknife: only Conductivity
Making features
makeFeatures: max memory 1073741824, total allocated 262144000, free 158958800, used 103185200, increment 70004992
Trithemis_annulata Conductivity: 
Regularization values: linear/quadratic/product: 0.385, categorical: 0.250, threshold: 1.770, hinge: 0.500
23 samples
Density: max memory 1073741824, total allocated 262144000, free 157933664, used 104210336, increment 1025136
linearPredictor: max memory 1073741824, total allocated 262144000, free 157933664, used 104210336, increment 0
FeaturedSpace: max memory 1073741824, total allocated 262144000, free 157933664, used 104210336, increment 0
Sequential: max memory 1073741824, total allocated 262144000, free 157933664, used 104210336, increment 0
Initial loss: 9.212138753917563
60: time = 0.048000 loss = 9.064627
Res.gain: 0.1475115621254819
Jackknife: only Precipitation
Making features
makeFeatures: max memory 1073741824, total allocated 262144000, free 156961704, used 105182296, increment 971960
Trithemis_annulata Precipitation: 
Regularization values: linear/quadratic/product: 0.385, categorical: 0.250, threshold: 1.770, hinge: 0.500
23 samples
Density: max memory 1073741824, total allocated 262144000, free 155523288, used 106620712, increment 1438416
linearPredictor: max memory 1073741824, total allocated 262144000, free 155443128, used 106700872, increment 80160
FeaturedSpace: max memory 1073741824, total allocated 262144000, free 155443128, used 106700872, increment 0
Sequential: max memory 1073741824, total allocated 262144000, free 155443128, used 106700872, increment 0
Initial loss: 9.212138753917563
100: time = 0.119000 loss = 9.151997
Res.gain: 0.06014157539950382
Jackknife: only Temperature
Making features
makeFeatures: max memory 1073741824, total allocated 262144000, free 239914312, used 22229688, increment -84471184
Trithemis_annulata Temperature: 
Regularization values: linear/quadratic/product: 0.385, categorical: 0.250, threshold: 1.770, hinge: 0.500
23 samples
Density: max memory 1073741824, total allocated 262144000, free 238521936, used 23622064, increment 1392376
linearPredictor: max memory 1073741824, total allocated 262144000, free 238521936, used 23622064, increment 0
FeaturedSpace: max memory 1073741824, total allocated 262144000, free 238521936, used 23622064, increment 0
Sequential: max memory 1073741824, total allocated 262144000, free 238521936, used 23622064, increment 0
Initial loss: 9.212138753917563
140: time = 0.118000 loss = 9.088909
Res.gain: 0.12322963903961082
Ending
